------------------------------------------------------------
Timing Analyzer Summary
------------------------------------------------------------

Type  : Slow 1100mV 85C Model Setup 'clk125'
Slack : 0.274
TNS   : 0.000

Type  : Slow 1100mV 85C Model Hold 'clk125'
Slack : 0.257
TNS   : 0.000

Type  : Slow 1100mV 85C Model Minimum Pulse Width 'clk125'
Slack : 2.630
TNS   : 0.000

Type  : Slow 1100mV 0C Model Setup 'clk125'
Slack : 0.176
TNS   : 0.000

Type  : Slow 1100mV 0C Model Hold 'clk125'
Slack : 0.218
TNS   : 0.000

Type  : Slow 1100mV 0C Model Minimum Pulse Width 'clk125'
Slack : 2.673
TNS   : 0.000

Type  : Fast 1100mV 85C Model Setup 'clk125'
Slack : 3.692
TNS   : 0.000

Type  : Fast 1100mV 85C Model Hold 'clk125'
Slack : 0.161
TNS   : 0.000

Type  : Fast 1100mV 85C Model Minimum Pulse Width 'clk125'
Slack : 2.466
TNS   : 0.000

Type  : Fast 1100mV 0C Model Setup 'clk125'
Slack : 4.004
TNS   : 0.000

Type  : Fast 1100mV 0C Model Hold 'clk125'
Slack : 0.133
TNS   : 0.000

Type  : Fast 1100mV 0C Model Minimum Pulse Width 'clk125'
Slack : 2.473
TNS   : 0.000

------------------------------------------------------------
