----------------
; Command Info ;
----------------
Report Timing: Found 5 setup paths (0 violated).  Worst case slack is 3.791

Tcl Command:
    report_timing -setup -file sta_reports/emulator_mutrig_syn_20260511_fast_1100mv_0c_setup.rpt -from_clock [get_clocks {clk125}] -to_clock [get_clocks {clk125}] -npaths 5 -detail full_path

Options:
    -from_clock [get_clocks {clk125}]
    -to_clock [get_clocks {clk125}]
    -setup
    -npaths 5
    -detail full_path
    -file {sta_reports/emulator_mutrig_syn_20260511_fast_1100mv_0c_setup.rpt}

Delay Model:
    Fast 1100mV 0C Model

+------------------------------------------------------------------------------------------------------------------------------------------------------------------------------------------------------------------------------------------------------------------------------+
; Summary of Paths                                                                                                                                                                                                                                                             ;
+-------+---------------------------------------------------------------------------------------------+--------------------------------------------------------------------------------------------------+--------------+-------------+--------------+------------+------------+
; Slack ; From Node                                                                                   ; To Node                                                                                          ; Launch Clock ; Latch Clock ; Relationship ; Clock Skew ; Data Delay ;
+-------+---------------------------------------------------------------------------------------------+--------------------------------------------------------------------------------------------------+--------------+-------------+--------------+------------+------------+
; 3.791 ; emulator_mutrig:u_dut|frontend_bkg_generator:u_frontend_bkg_generator|pending_channel[7]    ; emulator_mutrig:u_dut|be_mutrig_lane_emitter:lane_gen[7].u_lane_emitter|ticket_mem[4].ts_a[8]    ; clk125       ; clk125      ; 7.273        ; -0.036     ; 3.396      ;
; 3.794 ; emulator_mutrig:u_dut|frontend_bkg_generator:u_frontend_bkg_generator|pending_channel[7]    ; emulator_mutrig:u_dut|be_mutrig_lane_emitter:lane_gen[7].u_lane_emitter|ticket_mem[5].ts_a[8]    ; clk125       ; clk125      ; 7.273        ; -0.040     ; 3.389      ;
; 3.836 ; emulator_mutrig:u_dut|frontend_bkg_generator:u_frontend_bkg_generator|pending_channel[7]    ; emulator_mutrig:u_dut|be_mutrig_lane_emitter:lane_gen[7].u_lane_emitter|ticket_mem[4].ch_high[2] ; clk125       ; clk125      ; 7.273        ; -0.041     ; 3.346      ;
; 3.847 ; emulator_mutrig:u_dut|frontend_trigger_engine:u_frontend_trigger_engine|sig_offer_lane_q[2] ; emulator_mutrig:u_dut|be_mutrig_lane_emitter:lane_gen[7].u_lane_emitter|ticket_mem[4].ts_a[8]    ; clk125       ; clk125      ; 7.273        ; -0.040     ; 3.336      ;
; 3.850 ; emulator_mutrig:u_dut|frontend_trigger_engine:u_frontend_trigger_engine|sig_offer_lane_q[2] ; emulator_mutrig:u_dut|be_mutrig_lane_emitter:lane_gen[7].u_lane_emitter|ticket_mem[5].ts_a[8]    ; clk125       ; clk125      ; 7.273        ; -0.044     ; 3.329      ;
+-------+---------------------------------------------------------------------------------------------+--------------------------------------------------------------------------------------------------+--------------+-------------+--------------+------------+------------+

Path #1: Setup slack is 3.791
===============================================================================
+--------------------------------------------------------------------------------------------------------------------+
; Path Summary                                                                                                       ;
+--------------------+-----------------------------------------------------------------------------------------------+
; Property           ; Value                                                                                         ;
+--------------------+-----------------------------------------------------------------------------------------------+
; From Node          ; emulator_mutrig:u_dut|frontend_bkg_generator:u_frontend_bkg_generator|pending_channel[7]      ;
; To Node            ; emulator_mutrig:u_dut|be_mutrig_lane_emitter:lane_gen[7].u_lane_emitter|ticket_mem[4].ts_a[8] ;
; Launch Clock       ; clk125                                                                                        ;
; Latch Clock        ; clk125                                                                                        ;
; Data Arrival Time  ; 5.421                                                                                         ;
; Data Required Time ; 9.212                                                                                         ;
; Slack              ; 3.791                                                                                         ;
+--------------------+-----------------------------------------------------------------------------------------------+

+------------------------------------------------------------------------------------+
; Statistics                                                                         ;
+------------------------+--------+-------+-------------+------------+-------+-------+
; Property               ; Value  ; Count ; Total Delay ; % of Total ; Min   ; Max   ;
+------------------------+--------+-------+-------------+------------+-------+-------+
; Setup Relationship     ; 7.273  ;       ;             ;            ;       ;       ;
; Clock Skew             ; -0.036 ;       ;             ;            ;       ;       ;
; Data Delay             ; 3.396  ;       ;             ;            ;       ;       ;
; Number of Logic Levels ;        ; 3     ;             ;            ;       ;       ;
; Physical Delays        ;        ;       ;             ;            ;       ;       ;
;  Arrival Path          ;        ;       ;             ;            ;       ;       ;
;   Clock                ;        ;       ;             ;            ;       ;       ;
;    IC                  ;        ; 3     ; 1.323       ; 65         ; 0.000 ; 1.121 ;
;    Cell                ;        ; 3     ; 0.702       ; 35         ; 0.140 ; 0.355 ;
;   Data                 ;        ;       ;             ;            ;       ;       ;
;    IC                  ;        ; 4     ; 2.618       ; 77         ; 0.131 ; 1.059 ;
;    Cell                ;        ; 5     ; 0.778       ; 23         ; 0.000 ; 0.269 ;
;    uTco                ;        ; 1     ; 0.000       ; 0          ; 0.000 ; 0.000 ;
;  Required Path         ;        ;       ;             ;            ;       ;       ;
;   Clock                ;        ;       ;             ;            ;       ;       ;
;    IC                  ;        ; 3     ; 1.279       ; 65         ; 0.000 ; 1.082 ;
;    Cell                ;        ; 3     ; 0.677       ; 35         ; 0.131 ; 0.347 ;
+------------------------+--------+-------+-------------+------------+-------+-------+
Note: Negative delays are omitted from totals when calculating percentages

+--------------------------------------------------------------------------------------------------------------------------------------------------------------+
; Data Arrival Path                                                                                                                                            ;
+---------+---------+----+------+--------+---------------------+-----------------------------------------------------------------------------------------------+
; Total   ; Incr    ; RF ; Type ; Fanout ; Location            ; Element                                                                                       ;
+---------+---------+----+------+--------+---------------------+-----------------------------------------------------------------------------------------------+
; 0.000   ; 0.000   ;    ;      ;        ;                     ; launch edge time                                                                              ;
; 2.025   ; 2.025   ;    ;      ;        ;                     ; clock path                                                                                    ;
;   0.000 ;   0.000 ;    ;      ;        ;                     ; source latency                                                                                ;
;   0.000 ;   0.000 ;    ;      ; 1      ; PIN_AK20            ; clk125                                                                                        ;
;   0.000 ;   0.000 ; RR ; IC   ; 1      ; IOIBUF_X56_Y0_N18   ; clk125~input|i                                                                                ;
;   0.355 ;   0.355 ; RR ; CELL ; 1      ; IOIBUF_X56_Y0_N18   ; clk125~input|o                                                                                ;
;   0.557 ;   0.202 ; RR ; IC   ; 1      ; CLKCTRL_G6          ; clk125~inputCLKENA0|inclk                                                                     ;
;   0.697 ;   0.140 ; RR ; CELL ; 6761   ; CLKCTRL_G6          ; clk125~inputCLKENA0|outclk                                                                    ;
;   1.818 ;   1.121 ; RR ; IC   ; 1      ; FF_X59_Y57_N26      ; u_dut|u_frontend_bkg_generator|pending_channel[7]|clk                                         ;
;   2.025 ;   0.207 ; RR ; CELL ; 1      ; FF_X59_Y57_N26      ; emulator_mutrig:u_dut|frontend_bkg_generator:u_frontend_bkg_generator|pending_channel[7]      ;
; 5.421   ; 3.396   ;    ;      ;        ;                     ; data path                                                                                     ;
;   2.025 ;   0.000 ;    ; uTco ; 1      ; FF_X59_Y57_N26      ; emulator_mutrig:u_dut|frontend_bkg_generator:u_frontend_bkg_generator|pending_channel[7]      ;
;   2.025 ;   0.000 ; FF ; CELL ; 9      ; FF_X59_Y57_N26      ; u_dut|u_frontend_bkg_generator|pending_channel[7]|q                                           ;
;   2.156 ;   0.131 ; FF ; IC   ; 1      ; LABCELL_X59_Y57_N0  ; u_dut|u_frontend_ticket_distributor|Decoder1~1|datac                                          ;
;   2.343 ;   0.187 ; FF ; CELL ; 4      ; LABCELL_X59_Y57_N0  ; u_dut|u_frontend_ticket_distributor|Decoder1~1|combout                                        ;
;   3.402 ;   1.059 ; FF ; IC   ; 1      ; LABCELL_X39_Y53_N42 ; u_dut|u_frontend_ticket_distributor|Decoder1~7|dataa                                          ;
;   3.607 ;   0.205 ; FF ; CELL ; 40     ; LABCELL_X39_Y53_N42 ; u_dut|u_frontend_ticket_distributor|Decoder1~7|combout                                        ;
;   4.336 ;   0.729 ; FF ; IC   ; 1      ; MLABCELL_X38_Y49_N3 ; u_dut|u_frontend_ticket_distributor|fe_ticket_data[7].ts_a[8]~8|datae                         ;
;   4.453 ;   0.117 ; FF ; CELL ; 8      ; MLABCELL_X38_Y49_N3 ; u_dut|u_frontend_ticket_distributor|fe_ticket_data[7].ts_a[8]~8|combout                       ;
;   5.152 ;   0.699 ; FF ; IC   ; 1      ; FF_X37_Y51_N41      ; u_dut|lane_gen[7].u_lane_emitter|ticket_mem[4].ts_a[8]|asdata                                 ;
;   5.421 ;   0.269 ; FF ; CELL ; 1      ; FF_X37_Y51_N41      ; emulator_mutrig:u_dut|be_mutrig_lane_emitter:lane_gen[7].u_lane_emitter|ticket_mem[4].ts_a[8] ;
+---------+---------+----+------+--------+---------------------+-----------------------------------------------------------------------------------------------+

+------------------------------------------------------------------------------------------------------------------------------------------------------------+
; Data Required Path                                                                                                                                         ;
+---------+---------+----+------+--------+-------------------+-----------------------------------------------------------------------------------------------+
; Total   ; Incr    ; RF ; Type ; Fanout ; Location          ; Element                                                                                       ;
+---------+---------+----+------+--------+-------------------+-----------------------------------------------------------------------------------------------+
; 7.273   ; 7.273   ;    ;      ;        ;                   ; latch edge time                                                                               ;
; 9.262   ; 1.989   ;    ;      ;        ;                   ; clock path                                                                                    ;
;   7.273 ;   0.000 ;    ;      ;        ;                   ; source latency                                                                                ;
;   7.273 ;   0.000 ;    ;      ; 1      ; PIN_AK20          ; clk125                                                                                        ;
;   7.273 ;   0.000 ; RR ; IC   ; 1      ; IOIBUF_X56_Y0_N18 ; clk125~input|i                                                                                ;
;   7.620 ;   0.347 ; RR ; CELL ; 1      ; IOIBUF_X56_Y0_N18 ; clk125~input|o                                                                                ;
;   7.817 ;   0.197 ; RR ; IC   ; 1      ; CLKCTRL_G6        ; clk125~inputCLKENA0|inclk                                                                     ;
;   7.948 ;   0.131 ; RR ; CELL ; 6761   ; CLKCTRL_G6        ; clk125~inputCLKENA0|outclk                                                                    ;
;   9.030 ;   1.082 ; RR ; IC   ; 1      ; FF_X37_Y51_N41    ; u_dut|lane_gen[7].u_lane_emitter|ticket_mem[4].ts_a[8]|clk                                    ;
;   9.229 ;   0.199 ; RR ; CELL ; 1      ; FF_X37_Y51_N41    ; emulator_mutrig:u_dut|be_mutrig_lane_emitter:lane_gen[7].u_lane_emitter|ticket_mem[4].ts_a[8] ;
;   9.262 ;   0.033 ;    ;      ;        ;                   ; clock pessimism removed                                                                       ;
; 9.212   ; -0.050  ;    ;      ;        ;                   ; clock uncertainty                                                                             ;
; 9.212   ; 0.000   ;    ; uTsu ; 1      ; FF_X37_Y51_N41    ; emulator_mutrig:u_dut|be_mutrig_lane_emitter:lane_gen[7].u_lane_emitter|ticket_mem[4].ts_a[8] ;
+---------+---------+----+------+--------+-------------------+-----------------------------------------------------------------------------------------------+

----------------------------
; Extra Fitter Information ;
----------------------------
HTML report is unavailable in plain text report export.


Path #2: Setup slack is 3.794
===============================================================================
+--------------------------------------------------------------------------------------------------------------------+
; Path Summary                                                                                                       ;
+--------------------+-----------------------------------------------------------------------------------------------+
; Property           ; Value                                                                                         ;
+--------------------+-----------------------------------------------------------------------------------------------+
; From Node          ; emulator_mutrig:u_dut|frontend_bkg_generator:u_frontend_bkg_generator|pending_channel[7]      ;
; To Node            ; emulator_mutrig:u_dut|be_mutrig_lane_emitter:lane_gen[7].u_lane_emitter|ticket_mem[5].ts_a[8] ;
; Launch Clock       ; clk125                                                                                        ;
; Latch Clock        ; clk125                                                                                        ;
; Data Arrival Time  ; 5.414                                                                                         ;
; Data Required Time ; 9.208                                                                                         ;
; Slack              ; 3.794                                                                                         ;
+--------------------+-----------------------------------------------------------------------------------------------+

+------------------------------------------------------------------------------------+
; Statistics                                                                         ;
+------------------------+--------+-------+-------------+------------+-------+-------+
; Property               ; Value  ; Count ; Total Delay ; % of Total ; Min   ; Max   ;
+------------------------+--------+-------+-------------+------------+-------+-------+
; Setup Relationship     ; 7.273  ;       ;             ;            ;       ;       ;
; Clock Skew             ; -0.040 ;       ;             ;            ;       ;       ;
; Data Delay             ; 3.389  ;       ;             ;            ;       ;       ;
; Number of Logic Levels ;        ; 3     ;             ;            ;       ;       ;
; Physical Delays        ;        ;       ;             ;            ;       ;       ;
;  Arrival Path          ;        ;       ;             ;            ;       ;       ;
;   Clock                ;        ;       ;             ;            ;       ;       ;
;    IC                  ;        ; 3     ; 1.323       ; 65         ; 0.000 ; 1.121 ;
;    Cell                ;        ; 3     ; 0.702       ; 35         ; 0.140 ; 0.355 ;
;   Data                 ;        ;       ;             ;            ;       ;       ;
;    IC                  ;        ; 4     ; 2.612       ; 77         ; 0.131 ; 1.059 ;
;    Cell                ;        ; 5     ; 0.777       ; 23         ; 0.000 ; 0.268 ;
;    uTco                ;        ; 1     ; 0.000       ; 0          ; 0.000 ; 0.000 ;
;  Required Path         ;        ;       ;             ;            ;       ;       ;
;   Clock                ;        ;       ;             ;            ;       ;       ;
;    IC                  ;        ; 3     ; 1.279       ; 66         ; 0.000 ; 1.082 ;
;    Cell                ;        ; 3     ; 0.673       ; 34         ; 0.131 ; 0.347 ;
+------------------------+--------+-------+-------------+------------+-------+-------+
Note: Negative delays are omitted from totals when calculating percentages

+--------------------------------------------------------------------------------------------------------------------------------------------------------------+
; Data Arrival Path                                                                                                                                            ;
+---------+---------+----+------+--------+---------------------+-----------------------------------------------------------------------------------------------+
; Total   ; Incr    ; RF ; Type ; Fanout ; Location            ; Element                                                                                       ;
+---------+---------+----+------+--------+---------------------+-----------------------------------------------------------------------------------------------+
; 0.000   ; 0.000   ;    ;      ;        ;                     ; launch edge time                                                                              ;
; 2.025   ; 2.025   ;    ;      ;        ;                     ; clock path                                                                                    ;
;   0.000 ;   0.000 ;    ;      ;        ;                     ; source latency                                                                                ;
;   0.000 ;   0.000 ;    ;      ; 1      ; PIN_AK20            ; clk125                                                                                        ;
;   0.000 ;   0.000 ; RR ; IC   ; 1      ; IOIBUF_X56_Y0_N18   ; clk125~input|i                                                                                ;
;   0.355 ;   0.355 ; RR ; CELL ; 1      ; IOIBUF_X56_Y0_N18   ; clk125~input|o                                                                                ;
;   0.557 ;   0.202 ; RR ; IC   ; 1      ; CLKCTRL_G6          ; clk125~inputCLKENA0|inclk                                                                     ;
;   0.697 ;   0.140 ; RR ; CELL ; 6761   ; CLKCTRL_G6          ; clk125~inputCLKENA0|outclk                                                                    ;
;   1.818 ;   1.121 ; RR ; IC   ; 1      ; FF_X59_Y57_N26      ; u_dut|u_frontend_bkg_generator|pending_channel[7]|clk                                         ;
;   2.025 ;   0.207 ; RR ; CELL ; 1      ; FF_X59_Y57_N26      ; emulator_mutrig:u_dut|frontend_bkg_generator:u_frontend_bkg_generator|pending_channel[7]      ;
; 5.414   ; 3.389   ;    ;      ;        ;                     ; data path                                                                                     ;
;   2.025 ;   0.000 ;    ; uTco ; 1      ; FF_X59_Y57_N26      ; emulator_mutrig:u_dut|frontend_bkg_generator:u_frontend_bkg_generator|pending_channel[7]      ;
;   2.025 ;   0.000 ; FF ; CELL ; 9      ; FF_X59_Y57_N26      ; u_dut|u_frontend_bkg_generator|pending_channel[7]|q                                           ;
;   2.156 ;   0.131 ; FF ; IC   ; 1      ; LABCELL_X59_Y57_N0  ; u_dut|u_frontend_ticket_distributor|Decoder1~1|datac                                          ;
;   2.343 ;   0.187 ; FF ; CELL ; 4      ; LABCELL_X59_Y57_N0  ; u_dut|u_frontend_ticket_distributor|Decoder1~1|combout                                        ;
;   3.402 ;   1.059 ; FF ; IC   ; 1      ; LABCELL_X39_Y53_N42 ; u_dut|u_frontend_ticket_distributor|Decoder1~7|dataa                                          ;
;   3.607 ;   0.205 ; FF ; CELL ; 40     ; LABCELL_X39_Y53_N42 ; u_dut|u_frontend_ticket_distributor|Decoder1~7|combout                                        ;
;   4.336 ;   0.729 ; FF ; IC   ; 1      ; MLABCELL_X38_Y49_N3 ; u_dut|u_frontend_ticket_distributor|fe_ticket_data[7].ts_a[8]~8|datae                         ;
;   4.453 ;   0.117 ; FF ; CELL ; 8      ; MLABCELL_X38_Y49_N3 ; u_dut|u_frontend_ticket_distributor|fe_ticket_data[7].ts_a[8]~8|combout                       ;
;   5.146 ;   0.693 ; FF ; IC   ; 1      ; FF_X37_Y51_N26      ; u_dut|lane_gen[7].u_lane_emitter|ticket_mem[5].ts_a[8]|asdata                                 ;
;   5.414 ;   0.268 ; FF ; CELL ; 1      ; FF_X37_Y51_N26      ; emulator_mutrig:u_dut|be_mutrig_lane_emitter:lane_gen[7].u_lane_emitter|ticket_mem[5].ts_a[8] ;
+---------+---------+----+------+--------+---------------------+-----------------------------------------------------------------------------------------------+

+------------------------------------------------------------------------------------------------------------------------------------------------------------+
; Data Required Path                                                                                                                                         ;
+---------+---------+----+------+--------+-------------------+-----------------------------------------------------------------------------------------------+
; Total   ; Incr    ; RF ; Type ; Fanout ; Location          ; Element                                                                                       ;
+---------+---------+----+------+--------+-------------------+-----------------------------------------------------------------------------------------------+
; 7.273   ; 7.273   ;    ;      ;        ;                   ; latch edge time                                                                               ;
; 9.258   ; 1.985   ;    ;      ;        ;                   ; clock path                                                                                    ;
;   7.273 ;   0.000 ;    ;      ;        ;                   ; source latency                                                                                ;
;   7.273 ;   0.000 ;    ;      ; 1      ; PIN_AK20          ; clk125                                                                                        ;
;   7.273 ;   0.000 ; RR ; IC   ; 1      ; IOIBUF_X56_Y0_N18 ; clk125~input|i                                                                                ;
;   7.620 ;   0.347 ; RR ; CELL ; 1      ; IOIBUF_X56_Y0_N18 ; clk125~input|o                                                                                ;
;   7.817 ;   0.197 ; RR ; IC   ; 1      ; CLKCTRL_G6        ; clk125~inputCLKENA0|inclk                                                                     ;
;   7.948 ;   0.131 ; RR ; CELL ; 6761   ; CLKCTRL_G6        ; clk125~inputCLKENA0|outclk                                                                    ;
;   9.030 ;   1.082 ; RR ; IC   ; 1      ; FF_X37_Y51_N26    ; u_dut|lane_gen[7].u_lane_emitter|ticket_mem[5].ts_a[8]|clk                                    ;
;   9.225 ;   0.195 ; RR ; CELL ; 1      ; FF_X37_Y51_N26    ; emulator_mutrig:u_dut|be_mutrig_lane_emitter:lane_gen[7].u_lane_emitter|ticket_mem[5].ts_a[8] ;
;   9.258 ;   0.033 ;    ;      ;        ;                   ; clock pessimism removed                                                                       ;
; 9.208   ; -0.050  ;    ;      ;        ;                   ; clock uncertainty                                                                             ;
; 9.208   ; 0.000   ;    ; uTsu ; 1      ; FF_X37_Y51_N26    ; emulator_mutrig:u_dut|be_mutrig_lane_emitter:lane_gen[7].u_lane_emitter|ticket_mem[5].ts_a[8] ;
+---------+---------+----+------+--------+-------------------+-----------------------------------------------------------------------------------------------+

----------------------------
; Extra Fitter Information ;
----------------------------
HTML report is unavailable in plain text report export.


Path #3: Setup slack is 3.836
===============================================================================
+-----------------------------------------------------------------------------------------------------------------------+
; Path Summary                                                                                                          ;
+--------------------+--------------------------------------------------------------------------------------------------+
; Property           ; Value                                                                                            ;
+--------------------+--------------------------------------------------------------------------------------------------+
; From Node          ; emulator_mutrig:u_dut|frontend_bkg_generator:u_frontend_bkg_generator|pending_channel[7]         ;
; To Node            ; emulator_mutrig:u_dut|be_mutrig_lane_emitter:lane_gen[7].u_lane_emitter|ticket_mem[4].ch_high[2] ;
; Launch Clock       ; clk125                                                                                           ;
; Latch Clock        ; clk125                                                                                           ;
; Data Arrival Time  ; 5.371                                                                                            ;
; Data Required Time ; 9.207                                                                                            ;
; Slack              ; 3.836                                                                                            ;
+--------------------+--------------------------------------------------------------------------------------------------+

+------------------------------------------------------------------------------------+
; Statistics                                                                         ;
+------------------------+--------+-------+-------------+------------+-------+-------+
; Property               ; Value  ; Count ; Total Delay ; % of Total ; Min   ; Max   ;
+------------------------+--------+-------+-------------+------------+-------+-------+
; Setup Relationship     ; 7.273  ;       ;             ;            ;       ;       ;
; Clock Skew             ; -0.041 ;       ;             ;            ;       ;       ;
; Data Delay             ; 3.346  ;       ;             ;            ;       ;       ;
; Number of Logic Levels ;        ; 3     ;             ;            ;       ;       ;
; Physical Delays        ;        ;       ;             ;            ;       ;       ;
;  Arrival Path          ;        ;       ;             ;            ;       ;       ;
;   Clock                ;        ;       ;             ;            ;       ;       ;
;    IC                  ;        ; 3     ; 1.323       ; 65         ; 0.000 ; 1.121 ;
;    Cell                ;        ; 3     ; 0.702       ; 35         ; 0.140 ; 0.355 ;
;   Data                 ;        ;       ;             ;            ;       ;       ;
;    IC                  ;        ; 4     ; 2.504       ; 75         ; 0.131 ; 1.059 ;
;    Cell                ;        ; 5     ; 0.842       ; 25         ; 0.000 ; 0.246 ;
;    uTco                ;        ; 1     ; 0.000       ; 0          ; 0.000 ; 0.000 ;
;  Required Path         ;        ;       ;             ;            ;       ;       ;
;   Clock                ;        ;       ;             ;            ;       ;       ;
;    IC                  ;        ; 3     ; 1.275       ; 65         ; 0.000 ; 1.078 ;
;    Cell                ;        ; 3     ; 0.676       ; 35         ; 0.131 ; 0.347 ;
+------------------------+--------+-------+-------------+------------+-------+-------+
Note: Negative delays are omitted from totals when calculating percentages

+-----------------------------------------------------------------------------------------------------------------------------------------------------------------+
; Data Arrival Path                                                                                                                                               ;
+---------+---------+----+------+--------+---------------------+--------------------------------------------------------------------------------------------------+
; Total   ; Incr    ; RF ; Type ; Fanout ; Location            ; Element                                                                                          ;
+---------+---------+----+------+--------+---------------------+--------------------------------------------------------------------------------------------------+
; 0.000   ; 0.000   ;    ;      ;        ;                     ; launch edge time                                                                                 ;
; 2.025   ; 2.025   ;    ;      ;        ;                     ; clock path                                                                                       ;
;   0.000 ;   0.000 ;    ;      ;        ;                     ; source latency                                                                                   ;
;   0.000 ;   0.000 ;    ;      ; 1      ; PIN_AK20            ; clk125                                                                                           ;
;   0.000 ;   0.000 ; RR ; IC   ; 1      ; IOIBUF_X56_Y0_N18   ; clk125~input|i                                                                                   ;
;   0.355 ;   0.355 ; RR ; CELL ; 1      ; IOIBUF_X56_Y0_N18   ; clk125~input|o                                                                                   ;
;   0.557 ;   0.202 ; RR ; IC   ; 1      ; CLKCTRL_G6          ; clk125~inputCLKENA0|inclk                                                                        ;
;   0.697 ;   0.140 ; RR ; CELL ; 6761   ; CLKCTRL_G6          ; clk125~inputCLKENA0|outclk                                                                       ;
;   1.818 ;   1.121 ; RR ; IC   ; 1      ; FF_X59_Y57_N26      ; u_dut|u_frontend_bkg_generator|pending_channel[7]|clk                                            ;
;   2.025 ;   0.207 ; RR ; CELL ; 1      ; FF_X59_Y57_N26      ; emulator_mutrig:u_dut|frontend_bkg_generator:u_frontend_bkg_generator|pending_channel[7]         ;
; 5.371   ; 3.346   ;    ;      ;        ;                     ; data path                                                                                        ;
;   2.025 ;   0.000 ;    ; uTco ; 1      ; FF_X59_Y57_N26      ; emulator_mutrig:u_dut|frontend_bkg_generator:u_frontend_bkg_generator|pending_channel[7]         ;
;   2.025 ;   0.000 ; FF ; CELL ; 9      ; FF_X59_Y57_N26      ; u_dut|u_frontend_bkg_generator|pending_channel[7]|q                                              ;
;   2.156 ;   0.131 ; FF ; IC   ; 1      ; LABCELL_X59_Y57_N0  ; u_dut|u_frontend_ticket_distributor|Decoder1~1|datac                                             ;
;   2.343 ;   0.187 ; FF ; CELL ; 4      ; LABCELL_X59_Y57_N0  ; u_dut|u_frontend_ticket_distributor|Decoder1~1|combout                                           ;
;   3.402 ;   1.059 ; FF ; IC   ; 1      ; LABCELL_X39_Y53_N42 ; u_dut|u_frontend_ticket_distributor|Decoder1~7|dataa                                             ;
;   3.607 ;   0.205 ; FF ; CELL ; 40     ; LABCELL_X39_Y53_N42 ; u_dut|u_frontend_ticket_distributor|Decoder1~7|combout                                           ;
;   4.213 ;   0.606 ; FF ; IC   ; 1      ; LABCELL_X39_Y50_N12 ; u_dut|u_frontend_ticket_distributor|fe_ticket_data[7].ch_high[2]~0|datab                         ;
;   4.417 ;   0.204 ; FF ; CELL ; 8      ; LABCELL_X39_Y50_N12 ; u_dut|u_frontend_ticket_distributor|fe_ticket_data[7].ch_high[2]~0|combout                       ;
;   5.125 ;   0.708 ; FF ; IC   ; 1      ; FF_X41_Y51_N26      ; u_dut|lane_gen[7].u_lane_emitter|ticket_mem[4].ch_high[2]|asdata                                 ;
;   5.371 ;   0.246 ; FF ; CELL ; 1      ; FF_X41_Y51_N26      ; emulator_mutrig:u_dut|be_mutrig_lane_emitter:lane_gen[7].u_lane_emitter|ticket_mem[4].ch_high[2] ;
+---------+---------+----+------+--------+---------------------+--------------------------------------------------------------------------------------------------+

+---------------------------------------------------------------------------------------------------------------------------------------------------------------+
; Data Required Path                                                                                                                                            ;
+---------+---------+----+------+--------+-------------------+--------------------------------------------------------------------------------------------------+
; Total   ; Incr    ; RF ; Type ; Fanout ; Location          ; Element                                                                                          ;
+---------+---------+----+------+--------+-------------------+--------------------------------------------------------------------------------------------------+
; 7.273   ; 7.273   ;    ;      ;        ;                   ; latch edge time                                                                                  ;
; 9.257   ; 1.984   ;    ;      ;        ;                   ; clock path                                                                                       ;
;   7.273 ;   0.000 ;    ;      ;        ;                   ; source latency                                                                                   ;
;   7.273 ;   0.000 ;    ;      ; 1      ; PIN_AK20          ; clk125                                                                                           ;
;   7.273 ;   0.000 ; RR ; IC   ; 1      ; IOIBUF_X56_Y0_N18 ; clk125~input|i                                                                                   ;
;   7.620 ;   0.347 ; RR ; CELL ; 1      ; IOIBUF_X56_Y0_N18 ; clk125~input|o                                                                                   ;
;   7.817 ;   0.197 ; RR ; IC   ; 1      ; CLKCTRL_G6        ; clk125~inputCLKENA0|inclk                                                                        ;
;   7.948 ;   0.131 ; RR ; CELL ; 6761   ; CLKCTRL_G6        ; clk125~inputCLKENA0|outclk                                                                       ;
;   9.026 ;   1.078 ; RR ; IC   ; 1      ; FF_X41_Y51_N26    ; u_dut|lane_gen[7].u_lane_emitter|ticket_mem[4].ch_high[2]|clk                                    ;
;   9.224 ;   0.198 ; RR ; CELL ; 1      ; FF_X41_Y51_N26    ; emulator_mutrig:u_dut|be_mutrig_lane_emitter:lane_gen[7].u_lane_emitter|ticket_mem[4].ch_high[2] ;
;   9.257 ;   0.033 ;    ;      ;        ;                   ; clock pessimism removed                                                                          ;
; 9.207   ; -0.050  ;    ;      ;        ;                   ; clock uncertainty                                                                                ;
; 9.207   ; 0.000   ;    ; uTsu ; 1      ; FF_X41_Y51_N26    ; emulator_mutrig:u_dut|be_mutrig_lane_emitter:lane_gen[7].u_lane_emitter|ticket_mem[4].ch_high[2] ;
+---------+---------+----+------+--------+-------------------+--------------------------------------------------------------------------------------------------+

----------------------------
; Extra Fitter Information ;
----------------------------
HTML report is unavailable in plain text report export.


Path #4: Setup slack is 3.847
===============================================================================
+--------------------------------------------------------------------------------------------------------------------+
; Path Summary                                                                                                       ;
+--------------------+-----------------------------------------------------------------------------------------------+
; Property           ; Value                                                                                         ;
+--------------------+-----------------------------------------------------------------------------------------------+
; From Node          ; emulator_mutrig:u_dut|frontend_trigger_engine:u_frontend_trigger_engine|sig_offer_lane_q[2]   ;
; To Node            ; emulator_mutrig:u_dut|be_mutrig_lane_emitter:lane_gen[7].u_lane_emitter|ticket_mem[4].ts_a[8] ;
; Launch Clock       ; clk125                                                                                        ;
; Latch Clock        ; clk125                                                                                        ;
; Data Arrival Time  ; 5.365                                                                                         ;
; Data Required Time ; 9.212                                                                                         ;
; Slack              ; 3.847                                                                                         ;
+--------------------+-----------------------------------------------------------------------------------------------+

+------------------------------------------------------------------------------------+
; Statistics                                                                         ;
+------------------------+--------+-------+-------------+------------+-------+-------+
; Property               ; Value  ; Count ; Total Delay ; % of Total ; Min   ; Max   ;
+------------------------+--------+-------+-------------+------------+-------+-------+
; Setup Relationship     ; 7.273  ;       ;             ;            ;       ;       ;
; Clock Skew             ; -0.040 ;       ;             ;            ;       ;       ;
; Data Delay             ; 3.336  ;       ;             ;            ;       ;       ;
; Number of Logic Levels ;        ; 3     ;             ;            ;       ;       ;
; Physical Delays        ;        ;       ;             ;            ;       ;       ;
;  Arrival Path          ;        ;       ;             ;            ;       ;       ;
;   Clock                ;        ;       ;             ;            ;       ;       ;
;    IC                  ;        ; 3     ; 1.323       ; 65         ; 0.000 ; 1.121 ;
;    Cell                ;        ; 3     ; 0.706       ; 35         ; 0.140 ; 0.355 ;
;   Data                 ;        ;       ;             ;            ;       ;       ;
;    IC                  ;        ; 4     ; 2.617       ; 78         ; 0.144 ; 1.045 ;
;    Cell                ;        ; 5     ; 0.719       ; 22         ; 0.000 ; 0.269 ;
;    uTco                ;        ; 1     ; 0.000       ; 0          ; 0.000 ; 0.000 ;
;  Required Path         ;        ;       ;             ;            ;       ;       ;
;   Clock                ;        ;       ;             ;            ;       ;       ;
;    IC                  ;        ; 3     ; 1.279       ; 65         ; 0.000 ; 1.082 ;
;    Cell                ;        ; 3     ; 0.677       ; 35         ; 0.131 ; 0.347 ;
+------------------------+--------+-------+-------------+------------+-------+-------+
Note: Negative delays are omitted from totals when calculating percentages

+--------------------------------------------------------------------------------------------------------------------------------------------------------------+
; Data Arrival Path                                                                                                                                            ;
+---------+---------+----+------+--------+---------------------+-----------------------------------------------------------------------------------------------+
; Total   ; Incr    ; RF ; Type ; Fanout ; Location            ; Element                                                                                       ;
+---------+---------+----+------+--------+---------------------+-----------------------------------------------------------------------------------------------+
; 0.000   ; 0.000   ;    ;      ;        ;                     ; launch edge time                                                                              ;
; 2.029   ; 2.029   ;    ;      ;        ;                     ; clock path                                                                                    ;
;   0.000 ;   0.000 ;    ;      ;        ;                     ; source latency                                                                                ;
;   0.000 ;   0.000 ;    ;      ; 1      ; PIN_AK20            ; clk125                                                                                        ;
;   0.000 ;   0.000 ; RR ; IC   ; 1      ; IOIBUF_X56_Y0_N18   ; clk125~input|i                                                                                ;
;   0.355 ;   0.355 ; RR ; CELL ; 1      ; IOIBUF_X56_Y0_N18   ; clk125~input|o                                                                                ;
;   0.557 ;   0.202 ; RR ; IC   ; 1      ; CLKCTRL_G6          ; clk125~inputCLKENA0|inclk                                                                     ;
;   0.697 ;   0.140 ; RR ; CELL ; 6761   ; CLKCTRL_G6          ; clk125~inputCLKENA0|outclk                                                                    ;
;   1.818 ;   1.121 ; RR ; IC   ; 1      ; FF_X59_Y57_N14      ; u_dut|u_frontend_trigger_engine|sig_offer_lane_q[2]|clk                                       ;
;   2.029 ;   0.211 ; RR ; CELL ; 1      ; FF_X59_Y57_N14      ; emulator_mutrig:u_dut|frontend_trigger_engine:u_frontend_trigger_engine|sig_offer_lane_q[2]   ;
; 5.365   ; 3.336   ;    ;      ;        ;                     ; data path                                                                                     ;
;   2.029 ;   0.000 ;    ; uTco ; 1      ; FF_X59_Y57_N14      ; emulator_mutrig:u_dut|frontend_trigger_engine:u_frontend_trigger_engine|sig_offer_lane_q[2]   ;
;   2.029 ;   0.000 ; RR ; CELL ; 17     ; FF_X59_Y57_N14      ; u_dut|u_frontend_trigger_engine|sig_offer_lane_q[2]|q                                         ;
;   2.173 ;   0.144 ; RR ; IC   ; 1      ; LABCELL_X59_Y57_N48 ; u_dut|u_frontend_ticket_distributor|Equal0~0|datab                                            ;
;   2.383 ;   0.210 ; RF ; CELL ; 9      ; LABCELL_X59_Y57_N48 ; u_dut|u_frontend_ticket_distributor|Equal0~0|combout                                          ;
;   3.428 ;   1.045 ; FF ; IC   ; 1      ; LABCELL_X39_Y53_N42 ; u_dut|u_frontend_ticket_distributor|Decoder1~7|datad                                          ;
;   3.551 ;   0.123 ; FF ; CELL ; 40     ; LABCELL_X39_Y53_N42 ; u_dut|u_frontend_ticket_distributor|Decoder1~7|combout                                        ;
;   4.280 ;   0.729 ; FF ; IC   ; 1      ; MLABCELL_X38_Y49_N3 ; u_dut|u_frontend_ticket_distributor|fe_ticket_data[7].ts_a[8]~8|datae                         ;
;   4.397 ;   0.117 ; FF ; CELL ; 8      ; MLABCELL_X38_Y49_N3 ; u_dut|u_frontend_ticket_distributor|fe_ticket_data[7].ts_a[8]~8|combout                       ;
;   5.096 ;   0.699 ; FF ; IC   ; 1      ; FF_X37_Y51_N41      ; u_dut|lane_gen[7].u_lane_emitter|ticket_mem[4].ts_a[8]|asdata                                 ;
;   5.365 ;   0.269 ; FF ; CELL ; 1      ; FF_X37_Y51_N41      ; emulator_mutrig:u_dut|be_mutrig_lane_emitter:lane_gen[7].u_lane_emitter|ticket_mem[4].ts_a[8] ;
+---------+---------+----+------+--------+---------------------+-----------------------------------------------------------------------------------------------+

+------------------------------------------------------------------------------------------------------------------------------------------------------------+
; Data Required Path                                                                                                                                         ;
+---------+---------+----+------+--------+-------------------+-----------------------------------------------------------------------------------------------+
; Total   ; Incr    ; RF ; Type ; Fanout ; Location          ; Element                                                                                       ;
+---------+---------+----+------+--------+-------------------+-----------------------------------------------------------------------------------------------+
; 7.273   ; 7.273   ;    ;      ;        ;                   ; latch edge time                                                                               ;
; 9.262   ; 1.989   ;    ;      ;        ;                   ; clock path                                                                                    ;
;   7.273 ;   0.000 ;    ;      ;        ;                   ; source latency                                                                                ;
;   7.273 ;   0.000 ;    ;      ; 1      ; PIN_AK20          ; clk125                                                                                        ;
;   7.273 ;   0.000 ; RR ; IC   ; 1      ; IOIBUF_X56_Y0_N18 ; clk125~input|i                                                                                ;
;   7.620 ;   0.347 ; RR ; CELL ; 1      ; IOIBUF_X56_Y0_N18 ; clk125~input|o                                                                                ;
;   7.817 ;   0.197 ; RR ; IC   ; 1      ; CLKCTRL_G6        ; clk125~inputCLKENA0|inclk                                                                     ;
;   7.948 ;   0.131 ; RR ; CELL ; 6761   ; CLKCTRL_G6        ; clk125~inputCLKENA0|outclk                                                                    ;
;   9.030 ;   1.082 ; RR ; IC   ; 1      ; FF_X37_Y51_N41    ; u_dut|lane_gen[7].u_lane_emitter|ticket_mem[4].ts_a[8]|clk                                    ;
;   9.229 ;   0.199 ; RR ; CELL ; 1      ; FF_X37_Y51_N41    ; emulator_mutrig:u_dut|be_mutrig_lane_emitter:lane_gen[7].u_lane_emitter|ticket_mem[4].ts_a[8] ;
;   9.262 ;   0.033 ;    ;      ;        ;                   ; clock pessimism removed                                                                       ;
; 9.212   ; -0.050  ;    ;      ;        ;                   ; clock uncertainty                                                                             ;
; 9.212   ; 0.000   ;    ; uTsu ; 1      ; FF_X37_Y51_N41    ; emulator_mutrig:u_dut|be_mutrig_lane_emitter:lane_gen[7].u_lane_emitter|ticket_mem[4].ts_a[8] ;
+---------+---------+----+------+--------+-------------------+-----------------------------------------------------------------------------------------------+

----------------------------
; Extra Fitter Information ;
----------------------------
HTML report is unavailable in plain text report export.


Path #5: Setup slack is 3.850
===============================================================================
+--------------------------------------------------------------------------------------------------------------------+
; Path Summary                                                                                                       ;
+--------------------+-----------------------------------------------------------------------------------------------+
; Property           ; Value                                                                                         ;
+--------------------+-----------------------------------------------------------------------------------------------+
; From Node          ; emulator_mutrig:u_dut|frontend_trigger_engine:u_frontend_trigger_engine|sig_offer_lane_q[2]   ;
; To Node            ; emulator_mutrig:u_dut|be_mutrig_lane_emitter:lane_gen[7].u_lane_emitter|ticket_mem[5].ts_a[8] ;
; Launch Clock       ; clk125                                                                                        ;
; Latch Clock        ; clk125                                                                                        ;
; Data Arrival Time  ; 5.358                                                                                         ;
; Data Required Time ; 9.208                                                                                         ;
; Slack              ; 3.850                                                                                         ;
+--------------------+-----------------------------------------------------------------------------------------------+

+------------------------------------------------------------------------------------+
; Statistics                                                                         ;
+------------------------+--------+-------+-------------+------------+-------+-------+
; Property               ; Value  ; Count ; Total Delay ; % of Total ; Min   ; Max   ;
+------------------------+--------+-------+-------------+------------+-------+-------+
; Setup Relationship     ; 7.273  ;       ;             ;            ;       ;       ;
; Clock Skew             ; -0.044 ;       ;             ;            ;       ;       ;
; Data Delay             ; 3.329  ;       ;             ;            ;       ;       ;
; Number of Logic Levels ;        ; 3     ;             ;            ;       ;       ;
; Physical Delays        ;        ;       ;             ;            ;       ;       ;
;  Arrival Path          ;        ;       ;             ;            ;       ;       ;
;   Clock                ;        ;       ;             ;            ;       ;       ;
;    IC                  ;        ; 3     ; 1.323       ; 65         ; 0.000 ; 1.121 ;
;    Cell                ;        ; 3     ; 0.706       ; 35         ; 0.140 ; 0.355 ;
;   Data                 ;        ;       ;             ;            ;       ;       ;
;    IC                  ;        ; 4     ; 2.611       ; 78         ; 0.144 ; 1.045 ;
;    Cell                ;        ; 5     ; 0.718       ; 22         ; 0.000 ; 0.268 ;
;    uTco                ;        ; 1     ; 0.000       ; 0          ; 0.000 ; 0.000 ;
;  Required Path         ;        ;       ;             ;            ;       ;       ;
;   Clock                ;        ;       ;             ;            ;       ;       ;
;    IC                  ;        ; 3     ; 1.279       ; 66         ; 0.000 ; 1.082 ;
;    Cell                ;        ; 3     ; 0.673       ; 34         ; 0.131 ; 0.347 ;
+------------------------+--------+-------+-------------+------------+-------+-------+
Note: Negative delays are omitted from totals when calculating percentages

+--------------------------------------------------------------------------------------------------------------------------------------------------------------+
; Data Arrival Path                                                                                                                                            ;
+---------+---------+----+------+--------+---------------------+-----------------------------------------------------------------------------------------------+
; Total   ; Incr    ; RF ; Type ; Fanout ; Location            ; Element                                                                                       ;
+---------+---------+----+------+--------+---------------------+-----------------------------------------------------------------------------------------------+
; 0.000   ; 0.000   ;    ;      ;        ;                     ; launch edge time                                                                              ;
; 2.029   ; 2.029   ;    ;      ;        ;                     ; clock path                                                                                    ;
;   0.000 ;   0.000 ;    ;      ;        ;                     ; source latency                                                                                ;
;   0.000 ;   0.000 ;    ;      ; 1      ; PIN_AK20            ; clk125                                                                                        ;
;   0.000 ;   0.000 ; RR ; IC   ; 1      ; IOIBUF_X56_Y0_N18   ; clk125~input|i                                                                                ;
;   0.355 ;   0.355 ; RR ; CELL ; 1      ; IOIBUF_X56_Y0_N18   ; clk125~input|o                                                                                ;
;   0.557 ;   0.202 ; RR ; IC   ; 1      ; CLKCTRL_G6          ; clk125~inputCLKENA0|inclk                                                                     ;
;   0.697 ;   0.140 ; RR ; CELL ; 6761   ; CLKCTRL_G6          ; clk125~inputCLKENA0|outclk                                                                    ;
;   1.818 ;   1.121 ; RR ; IC   ; 1      ; FF_X59_Y57_N14      ; u_dut|u_frontend_trigger_engine|sig_offer_lane_q[2]|clk                                       ;
;   2.029 ;   0.211 ; RR ; CELL ; 1      ; FF_X59_Y57_N14      ; emulator_mutrig:u_dut|frontend_trigger_engine:u_frontend_trigger_engine|sig_offer_lane_q[2]   ;
; 5.358   ; 3.329   ;    ;      ;        ;                     ; data path                                                                                     ;
;   2.029 ;   0.000 ;    ; uTco ; 1      ; FF_X59_Y57_N14      ; emulator_mutrig:u_dut|frontend_trigger_engine:u_frontend_trigger_engine|sig_offer_lane_q[2]   ;
;   2.029 ;   0.000 ; RR ; CELL ; 17     ; FF_X59_Y57_N14      ; u_dut|u_frontend_trigger_engine|sig_offer_lane_q[2]|q                                         ;
;   2.173 ;   0.144 ; RR ; IC   ; 1      ; LABCELL_X59_Y57_N48 ; u_dut|u_frontend_ticket_distributor|Equal0~0|datab                                            ;
;   2.383 ;   0.210 ; RF ; CELL ; 9      ; LABCELL_X59_Y57_N48 ; u_dut|u_frontend_ticket_distributor|Equal0~0|combout                                          ;
;   3.428 ;   1.045 ; FF ; IC   ; 1      ; LABCELL_X39_Y53_N42 ; u_dut|u_frontend_ticket_distributor|Decoder1~7|datad                                          ;
;   3.551 ;   0.123 ; FF ; CELL ; 40     ; LABCELL_X39_Y53_N42 ; u_dut|u_frontend_ticket_distributor|Decoder1~7|combout                                        ;
;   4.280 ;   0.729 ; FF ; IC   ; 1      ; MLABCELL_X38_Y49_N3 ; u_dut|u_frontend_ticket_distributor|fe_ticket_data[7].ts_a[8]~8|datae                         ;
;   4.397 ;   0.117 ; FF ; CELL ; 8      ; MLABCELL_X38_Y49_N3 ; u_dut|u_frontend_ticket_distributor|fe_ticket_data[7].ts_a[8]~8|combout                       ;
;   5.090 ;   0.693 ; FF ; IC   ; 1      ; FF_X37_Y51_N26      ; u_dut|lane_gen[7].u_lane_emitter|ticket_mem[5].ts_a[8]|asdata                                 ;
;   5.358 ;   0.268 ; FF ; CELL ; 1      ; FF_X37_Y51_N26      ; emulator_mutrig:u_dut|be_mutrig_lane_emitter:lane_gen[7].u_lane_emitter|ticket_mem[5].ts_a[8] ;
+---------+---------+----+------+--------+---------------------+-----------------------------------------------------------------------------------------------+

+------------------------------------------------------------------------------------------------------------------------------------------------------------+
; Data Required Path                                                                                                                                         ;
+---------+---------+----+------+--------+-------------------+-----------------------------------------------------------------------------------------------+
; Total   ; Incr    ; RF ; Type ; Fanout ; Location          ; Element                                                                                       ;
+---------+---------+----+------+--------+-------------------+-----------------------------------------------------------------------------------------------+
; 7.273   ; 7.273   ;    ;      ;        ;                   ; latch edge time                                                                               ;
; 9.258   ; 1.985   ;    ;      ;        ;                   ; clock path                                                                                    ;
;   7.273 ;   0.000 ;    ;      ;        ;                   ; source latency                                                                                ;
;   7.273 ;   0.000 ;    ;      ; 1      ; PIN_AK20          ; clk125                                                                                        ;
;   7.273 ;   0.000 ; RR ; IC   ; 1      ; IOIBUF_X56_Y0_N18 ; clk125~input|i                                                                                ;
;   7.620 ;   0.347 ; RR ; CELL ; 1      ; IOIBUF_X56_Y0_N18 ; clk125~input|o                                                                                ;
;   7.817 ;   0.197 ; RR ; IC   ; 1      ; CLKCTRL_G6        ; clk125~inputCLKENA0|inclk                                                                     ;
;   7.948 ;   0.131 ; RR ; CELL ; 6761   ; CLKCTRL_G6        ; clk125~inputCLKENA0|outclk                                                                    ;
;   9.030 ;   1.082 ; RR ; IC   ; 1      ; FF_X37_Y51_N26    ; u_dut|lane_gen[7].u_lane_emitter|ticket_mem[5].ts_a[8]|clk                                    ;
;   9.225 ;   0.195 ; RR ; CELL ; 1      ; FF_X37_Y51_N26    ; emulator_mutrig:u_dut|be_mutrig_lane_emitter:lane_gen[7].u_lane_emitter|ticket_mem[5].ts_a[8] ;
;   9.258 ;   0.033 ;    ;      ;        ;                   ; clock pessimism removed                                                                       ;
; 9.208   ; -0.050  ;    ;      ;        ;                   ; clock uncertainty                                                                             ;
; 9.208   ; 0.000   ;    ; uTsu ; 1      ; FF_X37_Y51_N26    ; emulator_mutrig:u_dut|be_mutrig_lane_emitter:lane_gen[7].u_lane_emitter|ticket_mem[5].ts_a[8] ;
+---------+---------+----+------+--------+-------------------+-----------------------------------------------------------------------------------------------+

----------------------------
; Extra Fitter Information ;
----------------------------
HTML report is unavailable in plain text report export.
